adr init alternative-dir
alternative-dir/001-record-architecture-decisions.md
adr new Example ADR
alternative-dir/002-example-adr.md

ls .
alternative-dir
ls alternative-dir
001-record-architecture-decisions.md
002-example-adr.md

adr list
alternative-dir/001-record-architecture-decisions.md
alternative-dir/002-example-adr.md
