adr new First Decision
doc/adr/001-first-decision.md
adr new Second Decision
doc/adr/002-second-decision.md
adr new Third Decision
doc/adr/003-third-decision.md
adr generate toc
# Architecture Decision Records

* [1. First Decision](001-first-decision.md)
* [2. Second Decision](002-second-decision.md)
* [3. Third Decision](003-third-decision.md)
