adr list
The doc/adr directory does not exist
adr new first
doc/adr/001-first.md
adr list
doc/adr/001-first.md
adr new second
doc/adr/002-second.md
adr list
doc/adr/001-first.md
doc/adr/002-second.md
adr new third
doc/adr/003-third.md
adr list
doc/adr/001-first.md
doc/adr/002-second.md
doc/adr/003-third.md

