adr init
doc/adr/001-record-architecture-decisions.md
(
	ADR_DATE=12/01/1992
	adr new With Old Date Format
)
doc/adr/002-with-old-date-format.md
adr new With Current Date Format
doc/adr/003-with-current-date-format.md
grep 日付: doc/adr/*
doc/adr/001-record-architecture-decisions.md:日付: 1992-01-12
doc/adr/002-with-old-date-format.md:日付: 12/01/1992
doc/adr/003-with-current-date-format.md:日付: 1992-01-12
adr upgrade-repository
grep 日付: doc/adr/*
doc/adr/001-record-architecture-decisions.md:日付: 1992-01-12
doc/adr/002-with-old-date-format.md:日付: 1992-01-12
doc/adr/003-with-current-date-format.md:日付: 1992-01-12
