adr init adrs
adrs/001-record-architecture-decisions.md
mkdir -p adrs/templates
cat > adrs/templates/template.md <<EOF
# {TITLE}

Project specific template!

# Status

{STATUS}

# Info

ADR Number: {NUMBER}

日付: {DATE}
決定者: @xxx, @xxx

EOF
adr new Aaa Bbb
adrs/002-aaa-bbb.md
adr new Ccc Ddd
adrs/003-ccc-ddd.md
cat adrs/002-aaa-bbb.md
# Aaa Bbb

Project specific template!

# Status

提案中

# Info

ADR Number: 2

日付: 1992-01-12
決定者: @xxx, @xxx

cat adrs/003-ccc-ddd.md
# Ccc Ddd

Project specific template!

# Status

提案中

# Info

ADR Number: 3

日付: 1992-01-12
決定者: @xxx, @xxx

